                                   oOo.o.
          frameless osca          oOo.oOo
       __________________________  .oOo.
      O\        -_   .. \    ___ \   ||
     O  \                \   \ \\ \ //\\
    o   /\     rv32i      \   \|\\ \
   .   //\\      fpga      \   ||   \
    .  \\/\\       baz      \  \_\   \
     .  \\//\________________\________\
      .  \/_/, \\\--\\..\\ - /\_____  /
       .  \ \ . \\\__\\__\\./ / \__/ /
        .  \ \ , \    \\ ///./ ,/./ /
         .  \ \___\ sticky notes / /
          .  \/\________________/ /
     ./\.  . / /                 /
     /--\   .\/_________________/
          ___.                 .
         |o o|. . . . . . . . .
         /| |\ . .
     ____       . .
    |O  O|       . .
    |_ -_|        . .
     /||\
       ___
      /- -\
     /\_-_/\
       | |


welcome to adventure #7
    type 'help'

u r in roome
u c me
exits: none
todo: find an exit
u > 

not understood
--

u r in roome
u c u
exits: none
todo: find an exit
me > rn office roome

new room created
--

u r in roome
u c me
exits: none, office
todo: find an exit
u > go office

went to office
--
u went to office

u r in roome
exits: none, office
todo: find an exit
me > go office

went to office
--
me arrived from roome

u c me
exits: roome
u > rd a pleasant location

new room description
--

a pleasant location
u c u
exits: roome
me > rnm

what name
--

a pleasant location
u c me
exits: roome
u > rnm abcdefghijklmnopq

name too long
--

a pleasant location
u c u
exits: roome
me > rnm study

new room name
--

u r in study
a pleasant location
u c me
exits: roome
u > go roome

went to roome
--
u went to roome

u r in study
a pleasant location
exits: roome
me > go roome

went to roome
--
me arrived from office

u r in roome
u c me
exits: none, office
todo: find an exit
u > i

u have nothing
--

u r in roome
u c u
exits: none, office
todo: find an exit
me > on key

new object created
--

u r in roome
u c me
exits: none, office
todo: find an exit
u > on abcdefghijklmnopq

name too long
--

u r in roome
u c u
exits: none, office
todo: find an exit
me > en abcdefghijklmnopq

name too long
--

u r in roome
u c me
exits: none, office
todo: find an exit
u > i

u have nothing
--

u r in roome
u c u
exits: none, office
todo: find an exit
me > i

u have: key
--

u r in roome
u c me
exits: none, office
todo: find an exit
u > g key me

u do not have that
--

u r in roome
u c u
exits: none, office
todo: find an exit
me > g key

give to whom
--

u r in roome
u c me
exits: none, office
todo: find an exit
u > d

drop what
--

u r in roome
u c u
exits: none, office
todo: find an exit
me > g key nobody

nobody is not here
--

u r in roome
u c me
exits: none, office
todo: find an exit
u > d key

u do not have that
--

u r in roome
u c u
exits: none, office
todo: find an exit
me > g key u

gave key to u
--
me gave u key

u r in roome
u c me
exits: none, office
todo: find an exit
u > i

u have: key
--

u r in roome
u c u
exits: none, office
todo: find an exit
me > g

give what
--

u r in roome
u c me
exits: none, office
todo: find an exit
u > d key

dropped key
--

u r in roome
u c u, key
exits: none, office
todo: find an exit
me > d key

u do not have that
--

u r in roome
u c me, key
exits: none, office
todo: find an exit
u > t me hello there

--
u told u hello there

u r in roome
u c u, key
exits: none, office
todo: find an exit
me > t nobody hi

nobody does not exist
--

u r in roome
u c me, key
exits: none, office
todo: find an exit
u > t me

tell what
--

u r in roome
u c u, key
exits: none, office
todo: find an exit
me > t

tell whom
--

u r in roome
u c me, key
exits: none, office
todo: find an exit
u > t u note to self

--

u r in roome
u c u, key
exits: none, office
todo: find an exit
me > t u reply

--
u told u note to self
me told u reply

u r in roome
u c me, key
exits: none, office
todo: find an exit
u > s hello all

--
u said hello all

u r in roome
u c u, key
exits: none, office
todo: find an exit
me > s

say what
--

u r in roome
u c me, key
exits: none, office
todo: find an exit
u > en w

new entity created
--

u r in roome
u c u, w, key
exits: none, office
todo: find an exit
me > s hi both

--
me said hi both

u r in roome
u c u, me, key
exits: none, office
todo: find an exit
w > s everyone

--
me said hi both
w said everyone

u r in roome
u c me, w, key
exits: none, office
todo: find an exit
u > go office

went to office
--
w said everyone
u went to office

u r in roome
u c w, key
exits: none, office
todo: find an exit
me > s anyone here

--
u went to office
me said anyone here

u r in roome
u c me, key
exits: none, office
todo: find an exit
w > go home

